{
'project:as3-commons/as3-commons-async-flex/src/main/actionscript/org/as3commons/async/operation/impl/LoadResourceBundleOperation.as':[
37,
],
'project:as3-commons/as3-commons-async/src/main/actionscript/org/as3commons/async/operation/trigger/impl/AbstractCompositeOperationCompleteTrigger.as':[
27,
],
'project:as3-commons/as3-commons-async/src/main/actionscript/org/as3commons/async/operation/trigger/impl/AbstractParallelOperationCompleteTrigger.as':[
26,
],
'project:as3-commons/as3-commons-async/src/main/actionscript/org/as3commons/async/operation/trigger/impl/AndOperationCompleteTrigger.as':[
24,
],
'project:as3-commons/as3-commons-async/src/main/actionscript/org/as3commons/async/operation/trigger/impl/OrOperationCompleteTrigger.as':[
24,
],
'project:as3-commons/as3-commons-async/src/main/actionscript/org/as3commons/async/operation/trigger/impl/TimeBasedOperationCompleteTrigger.as':[
25,
],
'project:as3-commons/as3-commons-eventbus/src/main/actionscript/org/as3commons/eventbus/impl/EventBus.as':[
48,
],
'project:as3-commons/as3-commons-eventbus/src/main/actionscript/org/as3commons/eventbus/impl/SimpleEventBus.as':[
35,
],
'project:as3-commons/as3-commons-logging/src/main/actionscript/org/as3commons/logging/integration/FlexUnitListener.as':[
52,
53,
],
'project:as3-commons/as3-commons-logging/src/main/actionscript/org/as3commons/logging/integration/OSMFIntegration.as':[
70,
],
'project:as3-commons/as3-commons-logging/src/main/actionscript/org/as3commons/logging/integration/SpiceLibIntegration.as':[
73,
],
'project:as3-commons/as3-commons-logging/src/main/actionscript/org/as3commons/logging/integration/YUILoggerFactory.as':[
87,
],
'project:as3-commons/as3-commons-logging/src/main/actionscript/org/as3commons/logging/setup/target/AbstractHttpTarget.as':[
40,
],
'project:as3-commons/as3-commons-logging/src/main/actionscript/org/as3commons/logging/setup/target/LSHttpTarget.as':[
47,
],
'project:as3-commons/as3-commons-logging/src/test/actionscript/FirebugTest.as':[
31,
],
'project:as3-commons/as3-commons-logging/src/test/actionscript/LSTest.as':[
23,
],
'project:as3-commons/as3-commons-logging/src/test/actionscript/SizeAS3Min.as':[
15,
],
'project:as3-commons/as3-commons-logging/src/test/actionscript/SizeFlexMin.as':[
12,
],
'project:as3-commons/as3-commons-logging/src/test/actionscript/SizeMateMin.as':[
13,
],
'project:as3-commons/as3-commons-logging/src/test/actionscript/org/as3commons/logging/setup/LogSetupTest.as':[
26,
],
'project:as3-commons/as3-commons-logging/src/test/actionscript/org/as3commons/logging/util/xml/XMLRuleTest.as':[
17,
18,
19,
],
'project:as3-commons/as3-commons-logging/src/test/actionscript/org/as3commons/logging/util/xml/XMLSetupTest.as':[
15,
],
'project:as3-commons/as3-commons-logging/src/test/actionscript/perf/FlexPerformance.as':[
12,
],
'project:as3-commons/as3-commons-stageprocessing/src/main/actionscript/org/as3commons/stageprocessing/impl/FlashStageObjectProcessorRegistry.as':[
46,
],
'project:as3-commons/as3-commons-swc/src/main/actionscript/org/as3commons/swc/SWC.as':[
220,
],
'project:spring-actionscript/spring-actionscript-core/src/main/actionscript/org/springextensions/actionscript/eventbus/process/AbstractEventBusMetadataProcessor.as':[
46,
],
'project:spring-actionscript/spring-actionscript-core/src/main/actionscript/org/springextensions/actionscript/eventbus/process/EventBusAwareObjectPostProcessor.as':[
31,
],
'project:spring-actionscript/spring-actionscript-core/src/main/actionscript/org/springextensions/actionscript/eventbus/process/EventHandlerMetadataDestroyer.as':[
32,
],
'project:spring-actionscript/spring-actionscript-core/src/main/actionscript/org/springextensions/actionscript/eventbus/process/EventHandlerMetadataProcessor.as':[
89,
],
'project:spring-actionscript/spring-actionscript-core/src/main/actionscript/org/springextensions/actionscript/eventbus/process/EventInterceptorMetadataDestroyer.as':[
33,
],
'project:spring-actionscript/spring-actionscript-core/src/main/actionscript/org/springextensions/actionscript/eventbus/process/EventInterceptorMetadataProcessor.as':[
34,
],
'project:spring-actionscript/spring-actionscript-core/src/main/actionscript/org/springextensions/actionscript/eventbus/process/RouteEventsMetaDataDestroyer.as':[
35,
],
'project:spring-actionscript/spring-actionscript-core/src/main/actionscript/org/springextensions/actionscript/ioc/autowire/impl/DefaultAutowireProcessor.as':[
100,
],
'project:spring-actionscript/spring-actionscript-core/src/main/actionscript/org/springextensions/actionscript/ioc/config/impl/TextFilesLoader.as':[
39,
],
'project:spring-actionscript/spring-actionscript-core/src/main/actionscript/org/springextensions/actionscript/ioc/config/impl/metadata/MetadataObjectDefinitionsProvider.as':[
69,
],
'project:spring-actionscript/spring-actionscript-core/src/main/actionscript/org/springextensions/actionscript/ioc/config/impl/xml/XMLObjectDefinitionsProvider.as':[
65,
],
'project:spring-actionscript/spring-actionscript-core/src/main/actionscript/org/springextensions/actionscript/ioc/config/impl/xml/namespacehandler/impl/AbstractNamespaceHandler.as':[
37,
],
'project:spring-actionscript/spring-actionscript-core/src/main/actionscript/org/springextensions/actionscript/ioc/config/impl/xml/namespacehandler/impl/AbstractObjectDefinitionParser.as':[
36,
],
'project:spring-actionscript/spring-actionscript-core/src/main/actionscript/org/springextensions/actionscript/ioc/config/impl/xml/namespacehandler/impl/AttributeToPropertyMapping.as':[
31,
],
'project:spring-actionscript/spring-actionscript-core/src/main/actionscript/org/springextensions/actionscript/ioc/config/impl/xml/namespacehandler/impl/eventbus/customconfiguration/EventInterceptorCustomConfigurator.as':[
32,
],
'project:spring-actionscript/spring-actionscript-core/src/main/actionscript/org/springextensions/actionscript/ioc/config/impl/xml/namespacehandler/impl/eventbus/customconfiguration/EventListenerInterceptorCustomConfigurator.as':[
31,
],
'project:spring-actionscript/spring-actionscript-core/src/main/actionscript/org/springextensions/actionscript/ioc/config/impl/xml/namespacehandler/impl/eventbus/nodeparser/AbstractEventBusNodeParser.as':[
49,
],
'project:spring-actionscript/spring-actionscript-core/src/main/actionscript/org/springextensions/actionscript/ioc/config/impl/xml/namespacehandler/impl/eventbus/nodeparser/EventHandlerNodeParser.as':[
42,
],
'project:spring-actionscript/spring-actionscript-core/src/main/actionscript/org/springextensions/actionscript/ioc/config/impl/xml/namespacehandler/impl/eventbus/nodeparser/EventInterceptorNodeParser.as':[
42,
],
'project:spring-actionscript/spring-actionscript-core/src/main/actionscript/org/springextensions/actionscript/ioc/config/impl/xml/namespacehandler/impl/eventbus/nodeparser/EventListenerInterceptorNodeParser.as':[
42,
],
'project:spring-actionscript/spring-actionscript-core/src/main/actionscript/org/springextensions/actionscript/ioc/config/impl/xml/namespacehandler/impl/eventbus/nodeparser/EventRouterNodeParser.as':[
40,
],
'project:spring-actionscript/spring-actionscript-core/src/main/actionscript/org/springextensions/actionscript/ioc/config/impl/xml/namespacehandler/impl/stageprocessing/nodeparser/AutowiringStageProcessorNodeParser.as':[
36,
],
'project:spring-actionscript/spring-actionscript-core/src/main/actionscript/org/springextensions/actionscript/ioc/config/impl/xml/namespacehandler/impl/stageprocessing/nodeparser/GenericStageProcessorNodeParser.as':[
47,
],
'project:spring-actionscript/spring-actionscript-core/src/main/actionscript/org/springextensions/actionscript/ioc/config/impl/xml/namespacehandler/impl/stageprocessing/nodeparser/StageProcessorNodeParser.as':[
39,
],
'project:spring-actionscript/spring-actionscript-core/src/main/actionscript/org/springextensions/actionscript/ioc/config/impl/xml/namespacehandler/impl/task/TaskElementsPreprocessor.as':[
31,
],
'project:spring-actionscript/spring-actionscript-core/src/main/actionscript/org/springextensions/actionscript/ioc/config/impl/xml/namespacehandler/impl/task/TaskNamespaceHandler.as':[
146,
],
'project:spring-actionscript/spring-actionscript-core/src/main/actionscript/org/springextensions/actionscript/ioc/config/impl/xml/namespacehandler/impl/task/nodeparser/BlockNodeParser.as':[
37,
],
'project:spring-actionscript/spring-actionscript-core/src/main/actionscript/org/springextensions/actionscript/ioc/config/impl/xml/namespacehandler/impl/task/nodeparser/CompositeCommandNodeParser.as':[
39,
],
'project:spring-actionscript/spring-actionscript-core/src/main/actionscript/org/springextensions/actionscript/ioc/config/impl/xml/namespacehandler/impl/task/nodeparser/CountProviderNodeParser.as':[
34,
],
'project:spring-actionscript/spring-actionscript-core/src/main/actionscript/org/springextensions/actionscript/ioc/config/impl/xml/namespacehandler/impl/task/nodeparser/LoadURLNodeParser.as':[
26,
],
'project:spring-actionscript/spring-actionscript-core/src/main/actionscript/org/springextensions/actionscript/ioc/config/impl/xml/namespacehandler/impl/task/nodeparser/LoadURLStreamNodeParser.as':[
27,
],
'project:spring-actionscript/spring-actionscript-core/src/main/actionscript/org/springextensions/actionscript/ioc/config/impl/xml/namespacehandler/impl/task/nodeparser/PauseCommandNodeParser.as':[
34,
],
'project:spring-actionscript/spring-actionscript-core/src/main/actionscript/org/springextensions/actionscript/ioc/config/impl/xml/namespacehandler/impl/task/nodeparser/TaskNodeParser.as':[
43,
],
'project:spring-actionscript/spring-actionscript-core/src/main/actionscript/org/springextensions/actionscript/ioc/config/impl/xml/namespacehandler/impl/util/customconfiguration/FactoryObjectCustomConfigurator.as':[
32,
],
'project:spring-actionscript/spring-actionscript-core/src/main/actionscript/org/springextensions/actionscript/ioc/config/impl/xml/namespacehandler/impl/util/nodeparser/ConstantNodeParser.as':[
38,
],
'project:spring-actionscript/spring-actionscript-core/src/main/actionscript/org/springextensions/actionscript/ioc/config/impl/xml/namespacehandler/impl/util/nodeparser/FactoryNodeParser.as':[
44,
],
'project:spring-actionscript/spring-actionscript-core/src/main/actionscript/org/springextensions/actionscript/ioc/config/impl/xml/namespacehandler/impl/util/nodeparser/InvokeNodeParser.as':[
36,
],
'project:spring-actionscript/spring-actionscript-core/src/main/actionscript/org/springextensions/actionscript/ioc/config/impl/xml/parser/impl/XMLObjectDefinitionsParser.as':[
102,
],
'project:spring-actionscript/spring-actionscript-core/src/main/actionscript/org/springextensions/actionscript/ioc/config/impl/xml/parser/impl/nodeparser/AbstractNodeParser.as':[
35,
],
'project:spring-actionscript/spring-actionscript-core/src/main/actionscript/org/springextensions/actionscript/ioc/config/impl/xml/parser/impl/nodeparser/ArrayCollectionNodeParser.as':[
38,
],
'project:spring-actionscript/spring-actionscript-core/src/main/actionscript/org/springextensions/actionscript/ioc/config/impl/xml/parser/impl/nodeparser/ArrayNodeParser.as':[
30,
],
'project:spring-actionscript/spring-actionscript-core/src/main/actionscript/org/springextensions/actionscript/ioc/config/impl/xml/parser/impl/nodeparser/DictionaryNodeParser.as':[
33,
],
'project:spring-actionscript/spring-actionscript-core/src/main/actionscript/org/springextensions/actionscript/ioc/config/impl/xml/parser/impl/nodeparser/KeyValueNodeParser.as':[
38,
],
'project:spring-actionscript/spring-actionscript-core/src/main/actionscript/org/springextensions/actionscript/ioc/config/impl/xml/parser/impl/nodeparser/NanNodeParser.as':[
26,
],
'project:spring-actionscript/spring-actionscript-core/src/main/actionscript/org/springextensions/actionscript/ioc/config/impl/xml/parser/impl/nodeparser/NullNodeParser.as':[
28,
],
'project:spring-actionscript/spring-actionscript-core/src/main/actionscript/org/springextensions/actionscript/ioc/config/impl/xml/parser/impl/nodeparser/ObjectNodeParser.as':[
32,
],
'project:spring-actionscript/spring-actionscript-core/src/main/actionscript/org/springextensions/actionscript/ioc/config/impl/xml/parser/impl/nodeparser/RefNodeParser.as':[
31,
],
'project:spring-actionscript/spring-actionscript-core/src/main/actionscript/org/springextensions/actionscript/ioc/config/impl/xml/parser/impl/nodeparser/UndefinedNodeParser.as':[
30,
],
'project:spring-actionscript/spring-actionscript-core/src/main/actionscript/org/springextensions/actionscript/ioc/config/impl/xml/parser/impl/nodeparser/VectorNodeParser.as':[
36,
],
'project:spring-actionscript/spring-actionscript-core/src/main/actionscript/org/springextensions/actionscript/ioc/config/impl/xml/preprocess/impl/AttributeToElementPreprocessor.as':[
42,
],
'project:spring-actionscript/spring-actionscript-core/src/main/actionscript/org/springextensions/actionscript/ioc/config/impl/xml/preprocess/impl/IdAttributePreprocessor.as':[
36,
],
'project:spring-actionscript/spring-actionscript-core/src/main/actionscript/org/springextensions/actionscript/ioc/config/impl/xml/preprocess/impl/InnerObjectsPreprocessor.as':[
36,
],
'project:spring-actionscript/spring-actionscript-core/src/main/actionscript/org/springextensions/actionscript/ioc/config/impl/xml/preprocess/impl/PropertyElementsPreprocessor.as':[
37,
],
'project:spring-actionscript/spring-actionscript-core/src/main/actionscript/org/springextensions/actionscript/ioc/config/impl/xml/preprocess/impl/PropertyImportPreprocessor.as':[
38,
],
'project:spring-actionscript/spring-actionscript-core/src/main/actionscript/org/springextensions/actionscript/ioc/config/impl/xml/preprocess/impl/ScopeAttributePreprocessor.as':[
39,
],
'project:spring-actionscript/spring-actionscript-core/src/main/actionscript/org/springextensions/actionscript/ioc/config/impl/xml/preprocess/impl/SpringNamesPreprocessor.as':[
35,
],
'project:spring-actionscript/spring-actionscript-core/src/main/actionscript/org/springextensions/actionscript/ioc/config/property/impl/KeyValuePropertiesParser.as':[
69,
],
'project:spring-actionscript/spring-actionscript-core/src/main/actionscript/org/springextensions/actionscript/ioc/config/property/impl/Properties.as':[
32,
],
'project:spring-actionscript/spring-actionscript-core/src/main/actionscript/org/springextensions/actionscript/ioc/config/property/impl/PropertyPlaceholderResolver.as':[
35,
],
'project:spring-actionscript/spring-actionscript-core/src/main/actionscript/org/springextensions/actionscript/ioc/factory/impl/DefaultInstanceCache.as':[
55,
],
'project:spring-actionscript/spring-actionscript-core/src/main/actionscript/org/springextensions/actionscript/ioc/factory/impl/DefaultObjectFactory.as':[
83,
],
'project:spring-actionscript/spring-actionscript-core/src/main/actionscript/org/springextensions/actionscript/ioc/factory/impl/GenericFactoryObject.as':[
38,
],
'project:spring-actionscript/spring-actionscript-core/src/main/actionscript/org/springextensions/actionscript/ioc/factory/process/impl/factory/ClassScannerObjectFactoryPostProcessor.as':[
55,
],
'project:spring-actionscript/spring-actionscript-core/src/main/actionscript/org/springextensions/actionscript/ioc/factory/process/impl/factory/FactoryObjectFactoryPostProcessor.as':[
40,
],
'project:spring-actionscript/spring-actionscript-core/src/main/actionscript/org/springextensions/actionscript/ioc/factory/process/impl/factory/ObjectDefinitionFactoryPostProcessor.as':[
46,
],
'project:spring-actionscript/spring-actionscript-core/src/main/actionscript/org/springextensions/actionscript/ioc/factory/process/impl/factory/ObjectDestroyerObjectFactoryPostProcessor.as':[
32,
],
'project:spring-actionscript/spring-actionscript-core/src/main/actionscript/org/springextensions/actionscript/ioc/factory/process/impl/factory/PropertyPlaceholderConfigurerFactoryPostProcessor.as':[
42,
],
'project:spring-actionscript/spring-actionscript-core/src/main/actionscript/org/springextensions/actionscript/ioc/factory/process/impl/factory/RegisterObjectFactoryPostProcessorsFactoryPostProcessor.as':[
32,
],
'project:spring-actionscript/spring-actionscript-core/src/main/actionscript/org/springextensions/actionscript/ioc/factory/process/impl/factory/RegisterObjectPostProcessorsFactoryPostProcessor.as':[
34,
],
'project:spring-actionscript/spring-actionscript-core/src/main/actionscript/org/springextensions/actionscript/ioc/factory/process/impl/object/ApplicationContextAwareObjectPostProcessor.as':[
34,
],
'project:spring-actionscript/spring-actionscript-core/src/main/actionscript/org/springextensions/actionscript/ioc/factory/process/impl/object/ApplicationDomainAwarePostProcessor.as':[
32,
],
'project:spring-actionscript/spring-actionscript-core/src/main/actionscript/org/springextensions/actionscript/ioc/factory/process/impl/object/ObjectDefinitionRegistryAwareObjectPostProcessor.as':[
32,
],
'project:spring-actionscript/spring-actionscript-core/src/main/actionscript/org/springextensions/actionscript/ioc/factory/process/impl/object/ObjectFactoryAwarePostProcessor.as':[
34,
],
'project:spring-actionscript/spring-actionscript-core/src/main/actionscript/org/springextensions/actionscript/ioc/impl/DefaultDependencyChecker.as':[
41,
],
'project:spring-actionscript/spring-actionscript-core/src/main/actionscript/org/springextensions/actionscript/ioc/impl/DefaultDependencyInjector.as':[
63,
],
'project:spring-actionscript/spring-actionscript-core/src/main/actionscript/org/springextensions/actionscript/ioc/impl/DefaultLazyDependencyManager.as':[
39,
],
'project:spring-actionscript/spring-actionscript-core/src/main/actionscript/org/springextensions/actionscript/ioc/impl/DefaultObjectDestroyer.as':[
54,
],
'project:spring-actionscript/spring-actionscript-core/src/main/actionscript/org/springextensions/actionscript/ioc/objectdefinition/impl/DefaultObjectDefinitionRegistry.as':[
48,
],
'project:spring-actionscript/spring-actionscript-core/src/main/actionscript/org/springextensions/actionscript/ioc/objectdefinition/impl/ObjectDefinition.as':[
45,
],
'project:spring-actionscript/spring-actionscript-core/src/main/actionscript/org/springextensions/actionscript/metadata/MetadataProcessorObjectPostProcessor.as':[
35,
],
'project:spring-actionscript/spring-actionscript-core/src/main/actionscript/org/springextensions/actionscript/stage/DefaultAutowiringStageProcessor.as':[
37,
],
'project:spring-actionscript/spring-actionscript-core/src/main/actionscript/org/springextensions/actionscript/stage/DefaultObjectDefinitionResolver.as':[
46,
],
'project:spring-actionscript/spring-actionscript-core/src/main/actionscript/org/springextensions/actionscript/stage/PopupAndTooltipWireManager.as':[
43,
],
'project:spring-actionscript/spring-actionscript-core/src/main/actionscript/org/springextensions/actionscript/stage/StageProcessorFactoryPostprocessor.as':[
42,
],
'project:spring-actionscript/spring-actionscript-flex/src/main/actionscript/org/springextensions/actionscript/ioc/config/impl/mxml/MXMLObjectDefinitionsProvider.as':[
42,
],
'project:spring-actionscript/spring-actionscript-flex/src/main/actionscript/org/springextensions/actionscript/ioc/config/impl/mxml/custom/bootstrap/customconfiguration/BootstrapCustomConfigurator.as':[
45,
],
'project:spring-actionscript/spring-actionscript-flex/src/main/actionscript/org/springextensions/actionscript/ioc/config/impl/mxml/custom/eventbus/EventRouterConfiguration.as':[
48,
],
'project:spring-actionscript/spring-actionscript-flex/src/main/actionscript/org/springextensions/actionscript/ioc/config/impl/mxml/custom/util/FactorObjectDefinition.as':[
34,
],
'project:spring-actionscript/spring-actionscript-flex/src/main/actionscript/org/springextensions/actionscript/ioc/factory/process/impl/ApplicationPropertiesObjectFactoryPostProcessor.as':[
92,
],
'project:spring-actionscript/spring-actionscript-flex/src/main/actionscript/org/springextensions/actionscript/stage/DefaultFlexAutowiringStageProcessor.as':[
33,
],
'project:spring-actionscript/spring-actionscript-samples/cafe-townsend-bootstrap/src/main/actionscript/org/springextensions/actionscript/samples/cafetownsend/presentation/EmployeeLoginPresentationModel.as':[
32,
],
'project:spring-actionscript/spring-actionscript-samples/cafe-townsend-bootstrap/src/main/actionscript/org/springextensions/actionscript/samples/cafetownsend/presentation/MainViewPresentationModel.as':[
34,
],
'project:spring-actionscript/spring-actionscript-samples/cafe-townsend-metadata-config/src/main/actionscript/org/springextensions/actionscript/samples/cafetownsend/presentation/EmployeeLoginPresentationModel.as':[
32,
],
'project:spring-actionscript/spring-actionscript-samples/cafe-townsend-metadata-config/src/main/actionscript/org/springextensions/actionscript/samples/cafetownsend/presentation/MainViewPresentationModel.as':[
32,
],
'project:spring-actionscript/spring-actionscript-samples/cafe-townsend-multi-module/src/main/actionscript/org/springextensions/actionscript/samples/cafetownsend/presentation/EmployeeLoginPresentationModel.as':[
32,
],
'project:spring-actionscript/spring-actionscript-samples/cafe-townsend-multi-module/src/main/actionscript/org/springextensions/actionscript/samples/cafetownsend/presentation/MainViewPresentationModel.as':[
19,
],
'project:spring-actionscript/spring-actionscript-samples/cafe-townsend-mxml-config/src/main/actionscript/org/springextensions/actionscript/samples/cafetownsend/presentation/EmployeeLoginPresentationModel.as':[
32,
],
'project:spring-actionscript/spring-actionscript-samples/cafe-townsend-mxml-config/src/main/actionscript/org/springextensions/actionscript/samples/cafetownsend/presentation/MainViewPresentationModel.as':[
34,
],
'project:spring-actionscript/spring-actionscript-samples/cafe-townsend/src/main/actionscript/org/springextensions/actionscript/samples/cafetownsend/presentation/EmployeeLoginPresentationModel.as':[
32,
],
'project:spring-actionscript/spring-actionscript-samples/cafe-townsend/src/main/actionscript/org/springextensions/actionscript/samples/cafetownsend/presentation/MainViewPresentationModel.as':[
34,
],
}
