{
'project:as3-commons/as3-commons-asblocks/src/main/actionscript/org/as3commons/asblocks/impl/ASTFunctionCommon.as':[
120,
],
'project:as3-commons/as3-commons-asblocks/src/test/actionscript/org/as3commons/asblocks/impl/Test_ASTASArrayAccessExpression.as':[
58,
59,
67,
68,
],
'project:as3-commons/as3-commons-asblocks/src/test/actionscript/org/as3commons/asblocks/impl/Test_ASTASAssignmentExpression.as':[
152,
],
'project:as3-commons/as3-commons-asblocks/src/test/actionscript/org/as3commons/asblocks/impl/Test_ASTASBinaryExpression.as':[
202,
],
'project:as3-commons/as3-commons-asblocks/src/test/actionscript/org/as3commons/asblocks/impl/Test_ASTASInterfaceType.as':[
41,
42,
46,
126,
],
'project:as3-commons/as3-commons-asblocks/src/test/actionscript/org/as3commons/asblocks/impl/Test_ASTASInvocationExpression.as':[
137,
],
'project:as3-commons/as3-commons-asblocks/src/test/actionscript/org/as3commons/asblocks/impl/Test_ASTASPostfixExpression.as':[
67,
],
'project:as3-commons/as3-commons-asblocks/src/test/actionscript/org/as3commons/asblocks/impl/Test_ASTASPrefixExpression.as':[
90,
],
'project:as3-commons/as3-commons-asblocks/src/test/actionscript/org/as3commons/asblocks/impl/Test_ASTStatementList.as':[
691,
],
'project:as3-commons/as3-commons-asblocks/src/test/actionscript/org/as3commons/asblocks/parser/antlr/as3/TestAS3Parser_Proto.as':[
48,
66,
112,
160,
181,
204,
229,
316,
406,
438,
454,
],
'project:as3-commons/as3-commons-collections/src/test/actionscript/org/as3commons/collections/utils/LinkedListsTest.as':[
31,
163,
179,
187,
216,
231,
240,
248,
266,
],
'project:as3-commons/as3-commons-collections/src/test/actionscript/org/as3commons/collections/utils/ListsTest.as':[
32,
52,
197,
213,
221,
250,
265,
274,
282,
300,
],
'project:as3-commons/as3-commons-collections/src/test/actionscript/org/as3commons/collections/utils/MapsTest.as':[
33,
72,
111,
309,
405,
415,
424,
439,
475,
484,
512,
539,
566,
582,
592,
601,
618,
],
'project:as3-commons/as3-commons-collections/src/test/actionscript/org/as3commons/collections/utils/SetsTest.as':[
33,
53,
73,
218,
234,
242,
271,
286,
295,
303,
321,
],
'project:as3-commons/as3-commons-eventbus/src/main/actionscript/org/as3commons/eventbus/impl/EventBus.as':[
68,
96,
410,
425,
603,
620,
],
'project:as3-commons/as3-commons-eventbus/src/main/actionscript/org/as3commons/eventbus/impl/SimpleEventBus.as':[
65,
88,
224,
383,
],
'project:spring-actionscript/spring-actionscript-core/src/test/actionscript/org/springextensions/actionscript/context/impl/ApplicationContextTest.as':[
95,
],
'project:spring-actionscript/spring-actionscript-core/src/test/actionscript/org/springextensions/actionscript/ioc/factory/process/impl/factory/ObjectDefinitonFactoryPostProcessorTest.as':[
189,
],
'project:spring-actionscript/spring-actionscript-core/src/test/actionscript/org/springextensions/actionscript/metadata/MetadataProcessorObjectFactoryPostProcessorTest.as':[
45,
46,
63,
64,
83,
84,
85,
],
}
