{
'project:as3-commons/as3-commons-aop/src/main/actionscript/org/as3commons/aop/intercept/impl/AdvisorInterceptor.as':[
70,
],
'project:as3-commons/as3-commons-asblocks/src/main/actionscript/org/as3commons/asblocks/impl/ASTUtils.as':[
437,
],
'project:as3-commons/as3-commons-asblocks/src/main/actionscript/org/as3commons/asblocks/parser/antlr/as3/AS3Lexer.as':[
2451,
2547,
2709,
2777,
2959,
3076,
3343,
3538,
3662,
3729,
3784,
3897,
3960,
4047,
4066,
4182,
4330,
4430,
4527,
5494,
5606,
6352,
],
'project:as3-commons/as3-commons-asblocks/src/main/actionscript/org/as3commons/asblocks/parser/antlr/as3/AS3Parser.as':[
777,
968,
1020,
1158,
1314,
1575,
1601,
1701,
1837,
2207,
2266,
2482,
2690,
2759,
2960,
3082,
3444,
3545,
3771,
4362,
4509,
4618,
4903,
5013,
5367,
5390,
5868,
6176,
6485,
6606,
6609,
6743,
6856,
6951,
7124,
7182,
7310,
7555,
8141,
8214,
8287,
8557,
8685,
8856,
8956,
9092,
9124,
9231,
9757,
10097,
10952,
11068,
11296,
11668,
11839,
12144,
12418,
12483,
13172,
13373,
13591,
13707,
13935,
14033,
14181,
14300,
14477,
14691,
14846,
14916,
15047,
15124,
15150,
15173,
15335,
15453,
15769,
15898,
16144,
16760,
16930,
17041,
17149,
17237,
17397,
17462,
17707,
17825,
17949,
18086,
],
'project:as3-commons/as3-commons-asblocks/src/main/actionscript/org/as3commons/asblocks/parser/antlr/asdoc/ASDocLexer.as':[
93,
265,
298,
316,
353,
457,
566,
],
'project:as3-commons/as3-commons-asblocks/src/main/actionscript/org/as3commons/asblocks/parser/antlr/asdoc/ASDocParser.as':[
351,
402,
484,
623,
1042,
1377,
1975,
],
'project:as3-commons/as3-commons-asblocks/src/main/actionscript/org/as3commons/asblocks/parser/antlr/e4x/E4XLexer.as':[
355,
758,
938,
],
'project:as3-commons/as3-commons-asblocks/src/main/actionscript/org/as3commons/asblocks/parser/antlr/e4x/E4XParser.as':[
164,
236,
339,
387,
475,
581,
835,
1014,
1037,
1127,
1219,
],
'project:as3-commons/as3-commons-asblocks/src/main/actionscript/org/as3commons/asblocks/parser/antlr/regexsimple/RegexSimpleLexer.as':[
95,
139,
284,
380,
451,
519,
],
'project:as3-commons/as3-commons-asblocks/src/main/actionscript/org/as3commons/asblocks/parser/antlr/regexsimple/RegexSimpleParser.as':[
135,
],
'project:as3-commons/as3-commons-bytecode/src/main/actionscript/org/as3commons/bytecode/abc/ConstantPool.as':[
325,
],
'project:as3-commons/as3-commons-bytecode/src/main/actionscript/org/as3commons/bytecode/emit/impl/AccessorBuilder.as':[
157,
],
'project:as3-commons/as3-commons-bytecode/src/main/actionscript/org/as3commons/bytecode/emit/impl/BaseBuilder.as':[
179,
],
'project:as3-commons/as3-commons-bytecode/src/main/actionscript/org/as3commons/bytecode/emit/impl/MethodBodyBuilder.as':[
262,
345,
357,
],
'project:as3-commons/as3-commons-bytecode/src/main/actionscript/org/as3commons/bytecode/emit/impl/MethodBuilder.as':[
259,
],
'project:as3-commons/as3-commons-bytecode/src/main/actionscript/org/as3commons/bytecode/emit/impl/PropertyBuilder.as':[
155,
],
'project:as3-commons/as3-commons-bytecode/src/main/actionscript/org/as3commons/bytecode/io/AbcDeserializer.as':[
241,
649,
],
'project:as3-commons/as3-commons-bytecode/src/main/actionscript/org/as3commons/bytecode/io/AbcSerializer.as':[
546,
],
'project:as3-commons/as3-commons-bytecode/src/main/actionscript/org/as3commons/bytecode/proxy/impl/AbstractMethodBodyFactory.as':[
59,
],
'project:as3-commons/as3-commons-bytecode/src/main/actionscript/org/as3commons/bytecode/proxy/impl/ClassIntroducer.as':[
115,
],
'project:as3-commons/as3-commons-bytecode/src/main/actionscript/org/as3commons/bytecode/proxy/impl/ProxyFactory.as':[
615,
],
'project:as3-commons/as3-commons-bytecode/src/main/actionscript/org/as3commons/bytecode/util/MultinameUtil.as':[
276,
],
'project:as3-commons/as3-commons-bytecode/src/test/actionscript/org/as3commons/bytecode/testclasses/interceptors/EventDispatcherExInterceptor.as':[
41,
],
'project:as3-commons/as3-commons-bytecode/src/test/resources/assets/template/MethodInvocation.as':[
40,
],
'project:as3-commons/as3-commons-collections/src/main/actionscript/org/as3commons/collections/SortedList.as':[
334,
371,
],
'project:as3-commons/as3-commons-collections/src/main/examples/ArrayListFxExample.as':[
63,
],
'project:as3-commons/as3-commons-collections/src/main/examples/CollectionEventIteratorExample.as':[
23,
],
'project:as3-commons/as3-commons-collections/src/main/examples/LinkedMapFxExample.as':[
65,
],
'project:as3-commons/as3-commons-collections/src/main/examples/LinkedSetFxExample.as':[
62,
],
'project:as3-commons/as3-commons-collections/src/main/examples/MapFxExample.as':[
49,
],
'project:as3-commons/as3-commons-collections/src/main/examples/SetFxExample.as':[
40,
],
'project:as3-commons/as3-commons-collections/src/main/examples/SortedListFxExample.as':[
52,
],
'project:as3-commons/as3-commons-collections/src/main/examples/SortedMapFxExample.as':[
57,
],
'project:as3-commons/as3-commons-collections/src/main/examples/SortedSetFxExample.as':[
41,
],
'project:as3-commons/as3-commons-lang/src/main/actionscript/org/as3commons/lang/ObjectUtils.as':[
46,
],
'project:as3-commons/as3-commons-logging/src/main/actionscript/org/as3commons/logging/integration/ASAPIntegration.as':[
47,
],
'project:as3-commons/as3-commons-logging/src/main/actionscript/org/as3commons/logging/integration/MateIntegration.as':[
134,
],
'project:as3-commons/as3-commons-logging/src/main/actionscript/org/as3commons/logging/integration/SwizIntegration.as':[
67,
],
'project:as3-commons/as3-commons-logging/src/main/actionscript/org/as3commons/logging/setup/target/ASAPTarget.as':[
75,
],
'project:as3-commons/as3-commons-logging/src/main/actionscript/org/as3commons/logging/setup/target/FlashConsoleTarget.as':[
71,
],
'project:as3-commons/as3-commons-logging/src/main/actionscript/org/as3commons/logging/setup/target/FlexLogTarget.as':[
69,
],
'project:as3-commons/as3-commons-logging/src/main/actionscript/org/as3commons/logging/setup/target/MateTarget.as':[
73,
],
'project:as3-commons/as3-commons-logging/src/main/actionscript/org/as3commons/logging/setup/target/OSMFTarget.as':[
67,
],
'project:as3-commons/as3-commons-logging/src/main/actionscript/org/as3commons/logging/setup/target/Progression4Target.as':[
77,
],
'project:as3-commons/as3-commons-logging/src/main/actionscript/org/as3commons/logging/setup/target/SpiceLibTarget.as':[
80,
],
'project:as3-commons/as3-commons-logging/src/main/actionscript/org/as3commons/logging/setup/target/ThunderBoltTarget.as':[
83,
],
'project:as3-commons/as3-commons-logging/src/main/actionscript/org/as3commons/logging/setup/target/YalogTarget.as':[
82,
],
'project:as3-commons/as3-commons-logging/src/main/actionscript/org/as3commons/logging/util/xml/xmlToSetup.as':[
336,
],
'project:as3-commons/as3-commons-metadata/src/main/actionscript/org/as3commons/metadata/process/impl/GenericMetadataProcessor.as':[
57,
],
'project:as3-commons/as3-commons-ui/src/main/actionscript/org/as3commons/ui/layout/framework/core/cell/AbstractCell.as':[
196,
210,
],
'project:as3-commons/as3-commons-ui/src/main/actionscript/org/as3commons/ui/layout/framework/core/row/AbstractRow.as':[
240,
263,
],
'project:as3-commons/as3-commons-ui/src/main/actionscript/org/as3commons/ui/lifecycle/lifecycle/core/LifeCycleI10NAdapter.as':[
37,
],
'project:as3-commons/as3-commons-ui/src/main/actionscript/org/as3commons/ui/lifecycle/lifecycle/errors/InvalidationNotAllowedHereError.as':[
42,
],
'project:spring-actionscript/spring-actionscript-core/src/main/actionscript/org/springextensions/actionscript/eventbus/impl/DefaultEventBusShareManager.as':[
56,
],
'project:spring-actionscript/spring-actionscript-core/src/main/actionscript/org/springextensions/actionscript/ioc/config/impl/xml/namespacehandler/impl/task/nodeparser/BlockNodeParser.as':[
77,
],
}
