{
'project:as3-commons/as3-commons-aop/src/examples/shared/org/as3commons/aop/MessageWriter.as':[
15,
28,
33,
44,
49,
54,
],
'project:as3-commons/as3-commons-aop/src/examples/shared/org/as3commons/aop/advice/TraceConstructorAfterAdvice.as':[
10,
],
'project:as3-commons/as3-commons-aop/src/examples/shared/org/as3commons/aop/advice/TraceConstructorAroundAdvice.as':[
11,
16,
20,
],
'project:as3-commons/as3-commons-aop/src/examples/shared/org/as3commons/aop/advice/TraceConstructorBeforeAdvice.as':[
11,
],
'project:as3-commons/as3-commons-aop/src/examples/shared/org/as3commons/aop/advice/TraceGetterAfterAdvice.as':[
11,
],
'project:as3-commons/as3-commons-aop/src/examples/shared/org/as3commons/aop/advice/TraceGetterAroundAdvice.as':[
11,
15,
19,
],
'project:as3-commons/as3-commons-aop/src/examples/shared/org/as3commons/aop/advice/TraceGetterBeforeAdvice.as':[
10,
],
'project:as3-commons/as3-commons-aop/src/examples/shared/org/as3commons/aop/advice/TraceMethodAfterAdvice.as':[
11,
],
'project:as3-commons/as3-commons-aop/src/examples/shared/org/as3commons/aop/advice/TraceMethodAroundAdvice.as':[
11,
15,
19,
23,
],
'project:as3-commons/as3-commons-aop/src/examples/shared/org/as3commons/aop/advice/TraceMethodBeforeAdvice.as':[
11,
],
'project:as3-commons/as3-commons-aop/src/examples/shared/org/as3commons/aop/advice/TraceMethodThrowingAdvice.as':[
11,
],
'project:as3-commons/as3-commons-aop/src/examples/shared/org/as3commons/aop/advice/TraceSetterAfterAdvice.as':[
10,
],
'project:as3-commons/as3-commons-aop/src/examples/shared/org/as3commons/aop/advice/TraceSetterAroundAdvice.as':[
11,
15,
19,
],
'project:as3-commons/as3-commons-aop/src/examples/shared/org/as3commons/aop/advice/TraceSetterBeforeAdvice.as':[
10,
],
'project:as3-commons/as3-commons-aop/src/examples/shared/org/as3commons/aop/intercept/AppendUnderscoreToStringSetterInterceptor.as':[
10,
15,
],
'project:as3-commons/as3-commons-aop/src/examples/shared/org/as3commons/aop/intercept/StringToUpperCaseConstructorInterceptor.as':[
19,
],
'project:as3-commons/as3-commons-aop/src/examples/shared/org/as3commons/aop/intercept/StringToUppercaseSetterInterceptor.as':[
10,
15,
],
'project:as3-commons/as3-commons-aop/src/examples/shared/org/as3commons/aop/intercept/TraceMethodInterceptor.as':[
10,
14,
16,
19,
],
'project:as3-commons/as3-commons-asblocks/src/main/actionscript/org/as3commons/asblocks/impl/ASTASProject.as':[
256,
307,
],
'project:as3-commons/as3-commons-asblocks/src/main/actionscript/org/as3commons/asblocks/parser/antlr/as3/AS3Lexer.as':[
5418,
5432,
5446,
],
'project:as3-commons/as3-commons-asblocks/src/main/actionscript/org/as3commons/asblocks/parser/antlr/as3/AS3Parser.as':[
16470,
16484,
16498,
16512,
16526,
16540,
16554,
16568,
16582,
16596,
16610,
16624,
16638,
16652,
16666,
16680,
16694,
],
'project:as3-commons/as3-commons-asblocks/src/main/actionscript/org/as3commons/asblocks/parser/antlr/asdoc/ASDocParser.as':[
1174,
1188,
],
'project:as3-commons/as3-commons-bytecode/src/main/actionscript/org/as3commons/bytecode/io/AbcDeserializer.as':[
113,
178,
770,
],
'project:as3-commons/as3-commons-bytecode/src/main/actionscript/org/as3commons/bytecode/io/AbstractAbcDeserializer.as':[
91,
257,
292,
],
'project:as3-commons/as3-commons-bytecode/src/main/actionscript/org/as3commons/bytecode/tags/serialization/DoABCSerializer.as':[
61,
],
'project:as3-commons/as3-commons-bytecode/src/main/actionscript/org/as3commons/bytecode/util/OpcodeIO.as':[
384,
],
'project:as3-commons/as3-commons-bytecode/src/test/actionscript/org/as3commons/bytecode/testclasses/IntroductionImpl.as':[
38,
],
'project:as3-commons/as3-commons-bytecode/src/test/actionscript/org/as3commons/bytecode/testclasses/interceptors/CanvasInterceptorImpl.as':[
27,
],
'project:as3-commons/as3-commons-bytecode/src/test/resources/assets/abc/BaseClass.as':[
26,
31,
],
'project:as3-commons/as3-commons-bytecode/src/test/resources/assets/abc/ClassThatDoesStuff.as':[
22,
27,
],
'project:as3-commons/as3-commons-bytecode/src/test/resources/assets/abc/FullClassDefinition.as':[
47,
53,
58,
63,
68,
73,
78,
93,
],
'project:as3-commons/as3-commons-bytecode/src/test/resources/assets/template/BaseClass.as':[
21,
25,
30,
34,
],
'project:as3-commons/as3-commons-collections/src/main/examples/AddFromArgsExample.as':[
13,
21,
28,
35,
43,
50,
57,
65,
72,
],
'project:as3-commons/as3-commons-collections/src/main/examples/ArrayListExample.as':[
20,
25,
31,
35,
36,
37,
38,
39,
40,
45,
48,
53,
54,
55,
56,
59,
67,
81,
84,
89,
92,
],
'project:as3-commons/as3-commons-collections/src/main/examples/ArrayListFxExample.as':[
85,
],
'project:as3-commons/as3-commons-collections/src/main/examples/ArrayListIteratorExample.as':[
43,
47,
51,
55,
59,
122,
129,
137,
143,
151,
157,
165,
],
'project:as3-commons/as3-commons-collections/src/main/examples/CollectionEventDowncastExample.as':[
19,
24,
],
'project:as3-commons/as3-commons-collections/src/main/examples/CollectionEventIteratorDownCastExample.as':[
21,
22,
23,
24,
28,
29,
30,
31,
35,
36,
37,
38,
42,
43,
44,
45,
],
'project:as3-commons/as3-commons-collections/src/main/examples/CollectionEventIteratorExample.as':[
25,
26,
27,
31,
32,
33,
37,
38,
39,
43,
],
'project:as3-commons/as3-commons-collections/src/main/examples/CollectionFilterIteratorExample.as':[
52,
56,
64,
],
'project:as3-commons/as3-commons-collections/src/main/examples/CollectionIteratorExample.as':[
42,
44,
46,
48,
50,
71,
77,
85,
],
'project:as3-commons/as3-commons-collections/src/main/examples/ComparatorImplementationExample.as':[
11,
],
'project:as3-commons/as3-commons-collections/src/main/examples/DumpAsStringExample.as':[
19,
],
'project:as3-commons/as3-commons-collections/src/main/examples/FilterIteratorExample.as':[
16,
],
'project:as3-commons/as3-commons-collections/src/main/examples/IteratorDowncastExample.as':[
16,
17,
18,
19,
23,
24,
25,
26,
30,
31,
32,
33,
37,
38,
39,
40,
],
'project:as3-commons/as3-commons-collections/src/main/examples/LinkedListExample.as':[
21,
25,
29,
30,
35,
36,
37,
40,
46,
49,
67,
],
'project:as3-commons/as3-commons-collections/src/main/examples/LinkedMapExample.as':[
21,
22,
26,
27,
31,
32,
36,
37,
42,
43,
44,
45,
48,
57,
58,
],
'project:as3-commons/as3-commons-collections/src/main/examples/LinkedMapFxExample.as':[
99,
],
'project:as3-commons/as3-commons-collections/src/main/examples/LinkedSetExample.as':[
21,
25,
29,
33,
34,
39,
40,
41,
42,
45,
54,
],
'project:as3-commons/as3-commons-collections/src/main/examples/LinkedSetFxExample.as':[
96,
],
'project:as3-commons/as3-commons-collections/src/main/examples/ListsAddFromExample.as':[
39,
],
'project:as3-commons/as3-commons-collections/src/main/examples/ListsCloneExample.as':[
14,
15,
28,
29,
],
'project:as3-commons/as3-commons-collections/src/main/examples/ListsCopyExample.as':[
11,
19,
22,
30,
33,
],
'project:as3-commons/as3-commons-collections/src/main/examples/MapExample.as':[
24,
34,
38,
39,
40,
41,
42,
43,
48,
49,
50,
53,
59,
62,
79,
84,
87,
],
'project:as3-commons/as3-commons-collections/src/main/examples/MapFxExample.as':[
69,
],
'project:as3-commons/as3-commons-collections/src/main/examples/MapsAddFromExample.as':[
52,
],
'project:as3-commons/as3-commons-collections/src/main/examples/MapsCloneExample.as':[
18,
31,
45,
55,
],
'project:as3-commons/as3-commons-collections/src/main/examples/MapsCopyExample.as':[
93,
94,
],
'project:as3-commons/as3-commons-collections/src/main/examples/NestedCollectionsExample.as':[
24,
61,
],
'project:as3-commons/as3-commons-collections/src/main/examples/RecursiveFilterIteratorExample.as':[
28,
50,
65,
78,
96,
112,
128,
],
'project:as3-commons/as3-commons-collections/src/main/examples/RecursiveIteratorExample.as':[
24,
],
'project:as3-commons/as3-commons-collections/src/main/examples/SetExample.as':[
22,
26,
27,
32,
33,
34,
37,
43,
46,
62,
],
'project:as3-commons/as3-commons-collections/src/main/examples/SetFxExample.as':[
56,
],
'project:as3-commons/as3-commons-collections/src/main/examples/SetsAddFromExample.as':[
39,
],
'project:as3-commons/as3-commons-collections/src/main/examples/SetsCloneExample.as':[
14,
15,
25,
26,
39,
40,
],
'project:as3-commons/as3-commons-collections/src/main/examples/SetsCopyExample.as':[
11,
19,
22,
30,
33,
],
'project:as3-commons/as3-commons-collections/src/main/examples/SortedListExample.as':[
24,
27,
31,
32,
34,
35,
36,
38,
39,
41,
42,
43,
48,
49,
50,
53,
],
'project:as3-commons/as3-commons-collections/src/main/examples/SortedListFxExample.as':[
74,
],
'project:as3-commons/as3-commons-collections/src/main/examples/SortedMapExample.as':[
24,
25,
31,
32,
36,
37,
39,
40,
41,
43,
44,
45,
46,
48,
49,
50,
51,
56,
57,
58,
61,
70,
71,
],
'project:as3-commons/as3-commons-collections/src/main/examples/SortedMapFxExample.as':[
82,
],
'project:as3-commons/as3-commons-collections/src/main/examples/SortedSetExample.as':[
24,
35,
36,
38,
39,
41,
42,
43,
45,
46,
47,
49,
50,
51,
52,
57,
58,
59,
62,
80,
90,
],
'project:as3-commons/as3-commons-collections/src/main/examples/SortedSetFxExample.as':[
66,
],
'project:as3-commons/as3-commons-collections/src/main/examples/TreapExample.as':[
22,
26,
27,
29,
30,
31,
33,
34,
35,
36,
38,
39,
40,
41,
46,
47,
48,
51,
57,
60,
74,
],
'project:as3-commons/as3-commons-lang/src/main/actionscript/org/as3commons/lang/Enum.as':[
350,
],
'project:as3-commons/as3-commons-lang/src/test/actionscript/org/as3commons/lang/testclasses/PublicClass.as':[
69,
82,
87,
88,
89,
90,
],
'project:as3-commons/as3-commons-logging/src/main/actionscript/org/as3commons/logging/setup/target/TraceTarget.as':[
64,
],
'project:as3-commons/as3-commons-logging/src/main/actionscript/org/as3commons/logging/setup/target/XMLSocketGateway.as':[
153,
],
'project:as3-commons/as3-commons-logging/src/test/actionscript/FirebugTest.as':[
43,
],
'project:as3-commons/as3-commons-logging/src/test/actionscript/LSTest.as':[
31,
],
'project:as3-commons/as3-commons-logging/src/test/actionscript/LogTests.as':[
95,
],
'project:as3-commons/as3-commons-logging/src/test/actionscript/PerformanceComparison.as':[
53,
],
'project:as3-commons/as3-commons-logging/src/test/actionscript/org/as3commons/logging/integration/YUIIntegrationTest.as':[
37,
],
'project:as3-commons/as3-commons-logging/src/test/actionscript/perf/As3CommonsPeformance.as':[
48,
],
'project:as3-commons/as3-commons-reflect/src/main/actionscript/org/as3commons/reflect/Type.as':[
153,
],
'project:as3-commons/as3-commons-reflect/src/test/actionscript/org/as3commons/reflect/testclasses/PublicClass.as':[
61,
74,
79,
80,
81,
82,
],
'project:as3-commons/as3-commons-rpc/src/main/actionscript/org/as3commons/rpc/impl/RemotingService.as':[
80,
82,
],
'project:as3-commons/as3-commons-serialization/src/main/actionscript/org/as3commons/serialization/xml/XMLAlias.as':[
25,
],
'project:as3-commons/as3-commons-serialization/src/main/actionscript/org/as3commons/serialization/xml/XMLConverter.as':[
110,
],
'project:as3-commons/as3-commons-serialization/src/main/actionscript/org/as3commons/serialization/xml/converters/basic/ReflectionConverter.as':[
198,
],
'project:as3-commons/as3-commons-swc/src/main/actionscript/org/as3commons/swc/catalog/reader/impl/XMLCatalogReader.as':[
83,
],
'project:as3-commons/as3-commons-ui/src/main/actionscript/org/as3commons/ui/focus/FocusManager.as':[
39,
40,
61,
146,
159,
176,
],
'project:as3-commons/as3-commons-ui/src/test/actionscript/org/as3commons/ui/layout/testhelper/LayoutValidator.as':[
34,
35,
36,
60,
61,
62,
],
'project:as3-commons/as3-commons-zip/src/main/actionscript/org/as3commons/zip/ZipLibrary.as':[
258,
261,
270,
],
'project:spring-actionscript/spring-actionscript-core/src/test/actionscript/org/springextensions/actionscript/stage/DefaultSpringObjectSelectorTest.as':[
36,
],
'project:spring-actionscript/spring-actionscript-samples/cafe-townsend-bootstrap/src/main/actionscript/org/springextensions/actionscript/samples/cafetownsend/presentation/EmployeeListPresentationModel.as':[
198,
],
'project:spring-actionscript/spring-actionscript-samples/cafe-townsend-bootstrap/src/main/actionscript/org/springextensions/actionscript/samples/cafetownsend/presentation/EmployeeLoginPresentationModel.as':[
182,
188,
],
'project:spring-actionscript/spring-actionscript-samples/cafe-townsend-metadata-config/src/main/actionscript/org/springextensions/actionscript/samples/cafetownsend/presentation/EmployeeListPresentationModel.as':[
199,
],
'project:spring-actionscript/spring-actionscript-samples/cafe-townsend-metadata-config/src/main/actionscript/org/springextensions/actionscript/samples/cafetownsend/presentation/EmployeeLoginPresentationModel.as':[
181,
187,
],
'project:spring-actionscript/spring-actionscript-samples/cafe-townsend-multi-module/src/main/actionscript/org/springextensions/actionscript/samples/cafetownsend/presentation/EmployeeListPresentationModel.as':[
198,
],
'project:spring-actionscript/spring-actionscript-samples/cafe-townsend-multi-module/src/main/actionscript/org/springextensions/actionscript/samples/cafetownsend/presentation/EmployeeLoginPresentationModel.as':[
182,
188,
],
'project:spring-actionscript/spring-actionscript-samples/cafe-townsend-mxml-config/src/main/actionscript/org/springextensions/actionscript/samples/cafetownsend/presentation/EmployeeListPresentationModel.as':[
198,
],
'project:spring-actionscript/spring-actionscript-samples/cafe-townsend-mxml-config/src/main/actionscript/org/springextensions/actionscript/samples/cafetownsend/presentation/EmployeeLoginPresentationModel.as':[
182,
188,
],
'project:spring-actionscript/spring-actionscript-samples/cafe-townsend/src/main/actionscript/org/springextensions/actionscript/samples/cafetownsend/presentation/EmployeeListPresentationModel.as':[
198,
],
'project:spring-actionscript/spring-actionscript-samples/cafe-townsend/src/main/actionscript/org/springextensions/actionscript/samples/cafetownsend/presentation/EmployeeLoginPresentationModel.as':[
182,
188,
],
}
